******************************************************************************
             TMS320C2000 Linker PC v5.2.3                      
******************************************************************************
>> Linked Sun Oct 30 11:41:05 2016

OUTPUT FILE NAME:   <D:/SVN/RASPlatform/trunk/02Design/04Software/03COMSW/07Implement/RASI_COMNET1/bin/ZTCP-ETH-COMV1.0.1.out>
ENTRY POINT SYMBOL: "_c_int00"  address: 003ef7dc


MEMORY CONFIGURATION

         name            origin    length      used     unused   attr    fill
----------------------  --------  ---------  --------  --------  ----  --------
PAGE 0:
  APPSTART              003ec000   0000000a  00000000  0000000a  RWIX
  FLASH_CD              003ec00c   00001990  0000028b  00001705  RWIX
  FLASH_AB              003ee000   00009f80  0000190c  00008674  RWIX
  BEGIN_FLASH           003f7ff6   00000002  00000002  00000000  RWIX
  H0SARAM1              003f8000   00000500  0000001e  000004e2  RWIX
  RESET                 003fffc0   00000002  00000000  00000002  RWIX

PAGE 1:
  M0SARAM               00000000   00000800  00000100  00000700  RWIX
  DEV_EMU               00000880   00000180  00000000  00000180  RWIX
  FLASH_REGS            00000a80   00000060  00000000  00000060  RWIX
  CSM                   00000ae0   00000010  00000000  00000010  RWIX
  XINTF                 00000b20   00000020  00000000  00000020  RWIX
  CPU_TIMER0            00000c00   00000008  00000000  00000008  RWIX
  PIE_CTRL              00000ce0   00000020  00000000  00000020  RWIX
  PIE_VECT              00000d00   00000100  00000000  00000100  RWIX
  ECANA                 00006000   00000040  00000000  00000040  RWIX
  ECANA_LAM             00006040   00000040  00000000  00000040  RWIX
  ECANA_MOTS            00006080   00000040  00000000  00000040  RWIX
  ECANA_MOTO            000060c0   00000040  00000000  00000040  RWIX
  ECANA_MBOX            00006100   00000100  00000000  00000100  RWIX
  SYSTEM                00007010   00000020  00000000  00000020  RWIX
  SPIA                  00007040   00000010  00000000  00000010  RWIX
  SCIA                  00007050   00000010  00000000  00000010  RWIX
  XINTRUPT              00007070   00000010  00000000  00000010  RWIX
  GPIOMUX               000070c0   00000020  00000000  00000020  RWIX
  GPIODAT               000070e0   00000020  00000000  00000020  RWIX
  ADC                   00007100   00000020  00000000  00000020  RWIX
  EVA                   00007400   00000040  00000000  00000040  RWIX
  EVB                   00007500   00000040  00000000  00000040  RWIX
  SCIB                  00007750   00000010  00000000  00000010  RWIX
  MCBSPA                00007800   00000040  00000000  00000040  RWIX
  L0SARAM               00008000   00002000  00002000  00000000  RWIX
  SRAM6                 00080000   00040000  0003f662  0000099e  RWIX
  DRAMBUFRAM            00100000   00000faa  00000000  00000faa  RWIX
  CSM_PWL               003f7ff8   00000008  00000000  00000008  RWIX
  H0SARAM               003f8500   00001500  000009e2  00000b1e  RWIX


SECTION ALLOCATION MAP

 output                                  attributes/
section   page    origin      length       input sections
--------  ----  ----------  ----------   ----------------
.pinit     0    003ec00c    00000000     UNINITIALIZED

.cinit     0    003ec00c    00000199     
                  003ec00c    00000103     Crc.obj (.cinit)
                  003ec10f    00000064     Driver.obj (.cinit)
                  003ec173    00000013     dev_Timer.obj (.cinit)
                  003ec186    0000000a     rts2800_ml.lib : _lock.obj (.cinit)
                  003ec190    0000000a                    : exit.obj (.cinit)
                  003ec19a    00000005     board.obj (.cinit)
                  003ec19f    00000004     AppTask.obj (.cinit)
                  003ec1a3    00000002     --HOLE-- [fill = 0]

.econst    0    003ec1a6    000000d4     
                  003ec1a6    00000022     dev_Interrupt.obj (.econst:.string)
                  003ec1c8    0000001b     TL16C754.obj (.econst:.string)
                  003ec1e3    00000001     --HOLE-- [fill = 0]
                  003ec1e4    00000018     ExPort.obj (.econst:.string)
                  003ec1fc    00000016     Proto.obj (.econst:.string)
                  003ec212    00000013     RamBuf.obj (.econst:.string)
                  003ec225    00000001     --HOLE-- [fill = 0]
                  003ec226    00000013     W5300.obj (.econst:.string)
                  003ec239    00000001     --HOLE-- [fill = 0]
                  003ec23a    00000011     AppTask.obj (.econst:.string)
                  003ec24b    00000001     --HOLE-- [fill = 0]
                  003ec24c    00000011     Queue.obj (.econst:.string)
                  003ec25d    00000001     --HOLE-- [fill = 0]
                  003ec25e    00000010     Driver.obj (.econst:.string)
                  003ec26e    00000008     TL16C754.obj (.econst:_gst_ExUartBaud)
                  003ec276    00000004     TL16C754.obj (.econst:_gst_ExUartConf)

secureRamFuncs 
*          0    003ec27a    0000001e     RUN ADDR = 003f8000
                  003ec27a    0000001e     dev_Flash.obj (secureRamFuncs)

.QText     0    003ee000    000009e2     RUN ADDR = 003f8500
                  003ee000    0000006d     Crc.obj (.text)
                  003ee06d    000000f4     Queue.obj (.text)
                  003ee161    0000026a     AppTask.obj (.text)
                  003ee3cb    0000036c     ExPort.obj (.text)
                  003ee737    000002ab     Proto.obj (.text)

.text      0    003ee9e2    00000f2a     
                  003ee9e2    0000046e     W5300.obj (.text)
                  003eee50    000003ac     TL16C754.obj (.text)
                  003ef1fc    0000019e     RamBuf.obj (.text)
                  003ef39a    00000173     Driver.obj (.text)
                  003ef50d    000000e2     dev_Timer.obj (.text)
                  003ef5ef    000000c7     dev_Interrupt.obj (.text)
                  003ef6b6    000000a8     devMem.obj (.text)
                  003ef75e    0000007e     board.obj (.text)
                  003ef7dc    00000044     rts2800_ml.lib : boot.obj (.text)
                  003ef820    0000002d     dev_SysClk.obj (.text)
                  003ef84d    00000021     rts2800_ml.lib : memcpy_ff.obj (.text)
                  003ef86e    0000001b                    : args_main.obj (.text)
                  003ef889    00000019                    : exit.obj (.text)
                  003ef8a2    00000017     dev_Xintf.obj (.text)
                  003ef8b9    00000015     Main.obj (.text)
                  003ef8ce    0000000f     Schedule.obj (.text)
                  003ef8dd    0000000d     dev_Flash.obj (.text)
                  003ef8ea    0000000b     rts2800_ml.lib : u_div.obj (.text)
                  003ef8f5    00000009                    : _lock.obj (.text)
                  003ef8fe    00000007                    : memset.obj (.text)
                  003ef905    00000007     startup.obj (.text)

codestart 
*          0    003f7ff6    00000002     
                  003f7ff6    00000002     startup.obj (codestart)

.reset     0    003fffc0    00000002     DSECT
                  003fffc0    00000002     rts2800_ml.lib : boot.obj (.reset)

.QBss      1    00000000    00000100     UNINITIALIZED
                  00000000    00000100     Crc.obj (.ebss)

.stack     1    00008000    00002000     UNINITIALIZED
                  00008000    00002000     --HOLE--

.bss       1    00080000    00000000     UNINITIALIZED

.ebss      1    00080000    0003f662     UNINITIALIZED
                  00080000    000307d0     W5300.obj (.ebss)
                  000b07d0    00000020     dev_Interrupt.obj (.ebss)
                  000b07f0    00000008     dev_Timer.obj (.ebss)
                  000b07f8    00000004     rts2800_ml.lib : _lock.obj (.ebss)
                  000b07fc    00000004                    : exit.obj (.ebss)
                  000b0800    000079c0     ExPort.obj (.ebss)
                  000b81c0    000041a0     Proto.obj (.ebss)
                  000bc360    00000002     board.obj (.ebss)
                  000bc362    0000001e     --HOLE--
                  000bc380    00002898     TL16C754.obj (.ebss)
                  000bec18    00000028     --HOLE--
                  000bec40    000009b0     AppTask.obj (.ebss)
                  000bf5f0    00000010     --HOLE--
                  000bf600    00000062     Driver.obj (.ebss)


GLOBAL SYMBOLS: SORTED ALPHABETICALLY BY Name 

address    name
--------   ----
00080000   .bss
003ee9e2   .text
003ef889   C$$EXIT
003ef8ea   U$$DIV
003ef8ef   U$$MOD
003f88ac   _AppTaskRunHandle
003f8661   _AppTaskStartInit
003f855e   _BYTEToDWORD
003ef336   _CreatObj
003f8542   _DWORDToBYTE
003f8c28   _ExPortMod_Init
003f8ba2   _ExPortMod_OpenNet
003f8b4a   _ExPortMod_Rev
003f8a39   _ExPortMod_RevHandle
003f88f5   _ExPortMod_Send
003f88cb   _ExPort_Ioctl
003ef7be   _FlashRunLed
003ef7bd   _FlashRunLenTest
003ec298   _Flash_Funcs_LoadEnd
003ec27a   _Flash_Funcs_LoadStart
003f8000   _Flash_Funcs_RunStart
003ef2f9   _GetObjAddr
003ef2a5   _InitBuf
003ef4fb   _InitDriverMod
003ef5d8   _IsTimeOut
003ef5c2   _IsTimeOutUs
003ef75c   _MemCheck
003ef706   _MemTestAddressBus
003ef6fe   _MemTestDataBus
003ef6b6   _MemTestDevice
003ef64b   _ModINT_Init
003ef61a   _ModINT_PollHandle
003ef5ef   _ModINT_Rigster
003f8e8f   _ProtoMod_Open
003f8e3b   _ProtoMod_Rev
003f8de7   _ProtoMod_RevHandle
003f8c37   _ProtoMod_Send
003ee9e2   _QText_LoadEnd
003ee000   _QText_LoadStart
003f8500   _QText_RunStart
003f8633   _Queue_Init
003f856d   _Queue_IsValid
003f85d7   _Queue_Read
003f8578   _Queue_Write
003ef249   _ReadBuf
003ef7bc   _SOS_Assertion_Failed
003ef8d8   _ScheduleForAPP
003ef8cf   _ScheduleForInput
003ef8ce   _ScheduleForOutput
003eec52   _W5300_Init
003eeb93   _W5300_SockRev
003eeae8   _W5300_SockSnd
003ee9e2   _WD5300_SetSocketUDP
003ef1fc   _WriteBuf
0000a000   __STACK_END
00002000   __STACK_SIZE
00000001   __TI_args_main
ffffffff   ___binit__
00080000   ___bss__
ffffffff   ___c_args__
003ec00c   ___cinit__
00080000   ___end__
003ef90c   ___etext__
003ef84d   ___memcpy_ff
ffffffff   ___pinit__
003ee9e2   ___text__
003ef86e   __args_main
000b07fc   __cleanup_ptr
000b07fe   __dtors_ptr
000b07fa   __lock
003ef8fd   __nop
003ef8f9   __register_lock
003ef8f5   __register_unlock
00008000   __stack
000b07f8   __unlock
003ef889   _abort
000b81c0   _auc_TmpBuf
003ef7dc   _c_int00
003ef8dd   _cpyFlashInitSect
003ef5aa   _delay10Us
003ef4f8   _dev_DrvRevSchedule
003ef1d6   _dev_ExUartCheck
003ef0ec   _dev_ExUartIoctl
003ef046   _dev_ExUartOpen
003eeea7   _dev_ExUartRead
003eee50   _dev_ExUartWrite
003ef4a7   _dev_Ioctl
003ef468   _dev_Open
003ef41b   _dev_Read
003ef3cf   _dev_Write
003ef39a   _dev_check
003ef88b   _exit
000bf600   _g_stDriverLst
000b07d0   _gast_INTVect
00080000   _gast_NetInfor
000b09c0   _gauc_ExportRam
003f8525   _getCrc
003f8500   _getCrc16
003ef5a6   _getMicrosecond
003ef5a2   _getTick
000bc3c0   _gst_ExUartRevBuf
000bcc00   _gst_ExUartSndBuf
000b07f6   _gui_Microsecond
000b07f4   _gui_Tick
003ef7ad   _initBoard
003f8000   _initFlash
003ef820   _initSysCtrl
003ef590   _initTimer0
003ef8a2   _initXintfRegs
003ef8b9   _main
003ef8fe   _memset
000b07f2   _ui_MsCount
ffffffff   binit
003ec00c   cinit
00080000   end
003ef90c   etext
ffffffff   pinit


GLOBAL SYMBOLS: SORTED BY Symbol Address 

address    name
--------   ----
00000001   __TI_args_main
00002000   __STACK_SIZE
00008000   __stack
0000a000   __STACK_END
00080000   .bss
00080000   ___bss__
00080000   ___end__
00080000   _gast_NetInfor
00080000   end
000b07d0   _gast_INTVect
000b07f2   _ui_MsCount
000b07f4   _gui_Tick
000b07f6   _gui_Microsecond
000b07f8   __unlock
000b07fa   __lock
000b07fc   __cleanup_ptr
000b07fe   __dtors_ptr
000b09c0   _gauc_ExportRam
000b81c0   _auc_TmpBuf
000bc3c0   _gst_ExUartRevBuf
000bcc00   _gst_ExUartSndBuf
000bf600   _g_stDriverLst
003ec00c   ___cinit__
003ec00c   cinit
003ec27a   _Flash_Funcs_LoadStart
003ec298   _Flash_Funcs_LoadEnd
003ee000   _QText_LoadStart
003ee9e2   .text
003ee9e2   _QText_LoadEnd
003ee9e2   _WD5300_SetSocketUDP
003ee9e2   ___text__
003eeae8   _W5300_SockSnd
003eeb93   _W5300_SockRev
003eec52   _W5300_Init
003eee50   _dev_ExUartWrite
003eeea7   _dev_ExUartRead
003ef046   _dev_ExUartOpen
003ef0ec   _dev_ExUartIoctl
003ef1d6   _dev_ExUartCheck
003ef1fc   _WriteBuf
003ef249   _ReadBuf
003ef2a5   _InitBuf
003ef2f9   _GetObjAddr
003ef336   _CreatObj
003ef39a   _dev_check
003ef3cf   _dev_Write
003ef41b   _dev_Read
003ef468   _dev_Open
003ef4a7   _dev_Ioctl
003ef4f8   _dev_DrvRevSchedule
003ef4fb   _InitDriverMod
003ef590   _initTimer0
003ef5a2   _getTick
003ef5a6   _getMicrosecond
003ef5aa   _delay10Us
003ef5c2   _IsTimeOutUs
003ef5d8   _IsTimeOut
003ef5ef   _ModINT_Rigster
003ef61a   _ModINT_PollHandle
003ef64b   _ModINT_Init
003ef6b6   _MemTestDevice
003ef6fe   _MemTestDataBus
003ef706   _MemTestAddressBus
003ef75c   _MemCheck
003ef7ad   _initBoard
003ef7bc   _SOS_Assertion_Failed
003ef7bd   _FlashRunLenTest
003ef7be   _FlashRunLed
003ef7dc   _c_int00
003ef820   _initSysCtrl
003ef84d   ___memcpy_ff
003ef86e   __args_main
003ef889   C$$EXIT
003ef889   _abort
003ef88b   _exit
003ef8a2   _initXintfRegs
003ef8b9   _main
003ef8ce   _ScheduleForOutput
003ef8cf   _ScheduleForInput
003ef8d8   _ScheduleForAPP
003ef8dd   _cpyFlashInitSect
003ef8ea   U$$DIV
003ef8ef   U$$MOD
003ef8f5   __register_unlock
003ef8f9   __register_lock
003ef8fd   __nop
003ef8fe   _memset
003ef90c   ___etext__
003ef90c   etext
003f8000   _Flash_Funcs_RunStart
003f8000   _initFlash
003f8500   _QText_RunStart
003f8500   _getCrc16
003f8525   _getCrc
003f8542   _DWORDToBYTE
003f855e   _BYTEToDWORD
003f856d   _Queue_IsValid
003f8578   _Queue_Write
003f85d7   _Queue_Read
003f8633   _Queue_Init
003f8661   _AppTaskStartInit
003f88ac   _AppTaskRunHandle
003f88cb   _ExPort_Ioctl
003f88f5   _ExPortMod_Send
003f8a39   _ExPortMod_RevHandle
003f8b4a   _ExPortMod_Rev
003f8ba2   _ExPortMod_OpenNet
003f8c28   _ExPortMod_Init
003f8c37   _ProtoMod_Send
003f8de7   _ProtoMod_RevHandle
003f8e3b   _ProtoMod_Rev
003f8e8f   _ProtoMod_Open
ffffffff   ___binit__
ffffffff   ___c_args__
ffffffff   ___pinit__
ffffffff   binit
ffffffff   pinit

[117 symbols]
